.............ss..........s.................sssss                         [100%]
40 passed, 8 skipped in 2.62s
